[2026-10-01 21:24:19] [INFO] Оркестратор инициализирован.
[2026-10-01 21:26:49] [INFO] Оркестратор инициализирован.
[2026-10-01 21:31:58] [INFO] Оркестратор инициализирован.
[2026-10-01 21:31:58] [INFO] Создан новый субагент 'bikai' (роль: Проектный агент BIKAI (сайт, переводы, брендбук, инфраструктура)).
[2026-10-01 21:31:58] [INFO] Агенту 'bikai' добавлен скил: «Парсинг каталога производителя».
[2026-10-01 21:31:58] [INFO] Агенту 'bikai' добавлен скил: «Перевод технической документации».
[2026-10-01 21:31:58] [INFO] Агенту 'bikai' добавлен скил: «SEO и GEO оптимизация».
[2026-10-01 21:31:58] [INFO] Агенту 'bikai' добавлен скил: «Вёрстка карточек товара».
[2026-10-01 21:32:07] [INFO] Оркестратор инициализирован.
[2026-10-01 21:32:07] [INFO] Создана задача #1 для 'bikai': [Этап 1] Утвердить ТЗ и дорожную карту проекта BIKAI
[2026-10-01 21:32:07] [INFO] Создана задача #2 для 'bikai': [Этап 1] Развернуть хостинг/FTP, зарегистрировать домен .by/.бел, выпустить SSL
[2026-10-01 21:32:07] [INFO] Создана задача #3 для 'bikai': [Этап 1] Подать заявку на регистрацию сайта BIKAI в БелГИЭ
[2026-10-01 21:32:07] [INFO] Создана задача #4 для 'bikai': [Этап 1] Настроить корпоративную почту и базовую аналитику
[2026-10-01 21:32:07] [INFO] Создана задача #5 для 'bikai': [Этап 1] Утвердить базовую структуру брендбука (логотип, фирменные цвета)
[2026-10-01 21:32:07] [INFO] Создана задача #6 для 'bikai': [Этап 2] Распарсить каталоги производителя uvtech-cc.com и bikai.jp
[2026-10-01 21:32:07] [INFO] Создана задача #7 для 'bikai': [Этап 2] Построить структуру каталога: 6 хроматографов, 4 масс-спектрометра, 3 модуля, hExtractor 20
[2026-10-01 21:32:07] [INFO] Создана задача #8 для 'bikai': [Этап 2] Собрать каталог расходников (лампы) по 11 брендам с парт-номерами
[2026-10-01 21:32:07] [INFO] Создана задача #9 для 'bikai': [Этап 2] Сверстать карточки товара по единому шаблону и обновить дизайн
[2026-10-01 21:32:07] [INFO] Создана задача #10 для 'bikai': [Этап 2] Собрать дилерские и контактные страницы (сервис, гарантия, РУ)
[2026-10-01 21:32:07] [INFO] Создана задача #11 для 'bikai': [Этап 2] Настроить админку с учётом англоязычной версии сайта
[2026-10-01 21:32:07] [INFO] Создана задача #12 для 'bikai': [Этап 3] Запросить у завода комплект документации (разделы Download пусты)
[2026-10-01 21:32:07] [INFO] Создана задача #13 для 'bikai': [Этап 3] Настроить переводческий станок под BIKAI: глоссарий и репозитории
[2026-10-01 21:32:07] [INFO] Создана задача #14 для 'bikai': [Этап 3] Перевести руководства и паспорта на 14 приборов + каталог расходников
[2026-10-01 21:32:07] [INFO] Создана задача #15 для 'bikai': [Этап 4] Разработать брендбук и фирменные шаблоны документов/карточек
[2026-10-01 21:32:07] [INFO] Создана задача #16 для 'bikai': [Этап 5] Собрать SEO-базис, микроразметку Schema.org и GEO-оптимизацию
[2026-10-01 21:32:07] [INFO] Создана задача #17 для 'bikai': [Этап 5] Финальное развёртывание, передача доступа и обучение заказчика
[2026-10-01 21:32:07] [INFO] Создана задача #18 для 'bikai': [Этап 6] Продвижение: YouTube (приборы) + Telegram (расходники) + отраслевые каталоги/выставки
[2026-10-01 21:32:07] [INFO] Создана задача #19 для 'bikai': [Этап 6, бэклог] Поиск расходников по парт-номеру + фильтр подбора прибора по параметрам
[2026-10-01 21:32:21] [INFO] Оркестратор инициализирован.
[2026-10-01 21:32:21] [INFO] Добавлена локальная запись знаний агенту 'bikai': «Состав каталога BIKAI/UVTech».
[2026-10-01 21:32:21] [INFO] Добавлена локальная запись знаний агенту 'bikai': «Расходники — 11 брендов ламп».
[2026-10-01 21:32:21] [INFO] Добавлена локальная запись знаний агенту 'bikai': «У производителя нет готовых материалов».
[2026-10-01 21:32:21] [INFO] Добавлена локальная запись знаний агенту 'bikai': «Развилка продвижения BIKAI».
[2026-10-01 21:32:21] [INFO] Добавлена локальная запись знаний агенту 'bikai': «Каналы, которые не дают результата для BIKAI».
[2026-10-01 21:32:21] [INFO] Добавлена локальная запись знаний агенту 'bikai': «Единственный бренд с англоязычной версией».
[2026-10-01 21:32:21] [INFO] Добавлена локальная запись знаний агенту 'bikai': «Рост после запуска».
[2026-10-01 21:32:21] [INFO] Добавлена локальная запись знаний агенту 'bikai': «Договор №260930-1 от 30».
[2026-10-01 21:32:22] [INFO] Авто-push выполнен (наполнен план работ по проекту BIKAI (агент, задачи, знания)).
[2026-10-01 21:32:35] [INFO] Оркестратор инициализирован.
[2026-10-01 21:32:36] [INFO] Авто-push выполнен (исправление заголовка записи о договоре).
[2026-10-01 21:32:41] [INFO] Оркестратор инициализирован.
[2026-10-01 21:39:20] [INFO] Оркестратор инициализирован.
[2026-10-01 21:45:26] [INFO] Оркестратор инициализирован.
[2026-10-01 21:48:37] [INFO] Оркестратор инициализирован.
[2026-10-01 21:54:11] [INFO] Оркестратор инициализирован.
[2026-10-01 21:57:55] [INFO] Оркестратор инициализирован.
[2026-10-01 22:00:38] [INFO] Оркестратор инициализирован.
[2026-10-01 23:46:13] [INFO] Оркестратор инициализирован.
[2026-10-01 23:46:20] [INFO] Оркестратор инициализирован.
[2026-10-01 23:46:20] [INFO] Получена команда в чате: "Статус системы"
[2026-10-01 23:46:20] [INFO] Ответ ассистента: "📊 Текущее состояние системы:
- Исполнитель: один (я), проекты ниже — это контекст, а не отдельные боты.
- Проектов: 1
- Инструкций всего: 4
- Задач: 19 (todo: 19, в процессе: 0, готово: 0)
- Записей в"
[2026-10-01 23:46:20] [INFO] Оркестратор инициализирован.
[2026-10-01 23:46:20] [INFO] Получена команда в чате: "Заведи проект тест-демо для проверки новой архитектуры"
[2026-10-01 23:46:20] [INFO] Заведён новый проект 'test' (роль: Тест-проект).
[2026-10-01 23:46:23] [INFO] Авто-push выполнен (создан проект test).
[2026-10-01 23:46:23] [INFO] Ответ ассистента: "✅ Создан новый проектный профиль **test**
- Роль (для меня в контексте этого проекта): Тест-проект
- Задача: проверки новой архитектуры
- Папка: `projects/test`
Это не отдельный бот — работу по этому "
[2026-10-01 23:46:23] [INFO] Оркестратор инициализирован.
[2026-10-01 23:46:23] [INFO] Получена команда в чате: "Добавь тест-демо инструкцию проверки логов"
[2026-10-01 23:46:23] [INFO] В проект 'test' добавлена инструкция: «проверки логов».
[2026-10-01 23:46:23] [INFO] Ответ ассистента: "🛠 В проект **test** добавлена инструкция: «проверки логов»
Файл: `projects/test/INSTRUCTIONS.md` — я буду сверяться с ним, когда работаю над этим проектом."
[2026-10-01 23:46:23] [INFO] Оркестратор инициализирован.
[2026-10-01 23:46:23] [INFO] Получена команда в чате: "Создай задачу для тест-демо: проверить рендер дашборда"
[2026-10-01 23:46:23] [INFO] Создана задача #20 для 'test': проверить рендер дашборда
[2026-10-01 23:46:23] [INFO] Ответ ассистента: "📋 Создана задача #20 (test): проверить рендер дашборда"
[2026-10-01 23:46:23] [INFO] Оркестратор инициализирован.
[2026-10-01 23:46:23] [INFO] Получена команда в чате: "Удали проект тест-демо"
[2026-10-01 23:46:23] [WARNING] Проект 'test' удалён из системы.
[2026-10-01 23:46:25] [INFO] Авто-push выполнен (удалён проект test).
[2026-10-01 23:46:25] [INFO] Ответ ассистента: "🗑 Проект «test» и все его файлы удалены из системы."
[2026-10-01 23:46:25] [INFO] Оркестратор инициализирован.
[2026-10-01 23:46:30] [INFO] Оркестратор инициализирован.
[2026-10-01 23:47:01] [INFO] Оркестратор инициализирован.
[2026-10-01 23:47:01] [INFO] Сформирован мета-промт экспорта системы: META_PROMPT.md
[2026-10-01 23:47:46] [INFO] Оркестратор инициализирован.
[2026-10-01 23:47:47] [INFO] Авто-push выполнен (финальный коммит редизайна архитектуры (проекты вместо агентов)).
[2026-10-01 23:47:53] [INFO] Оркестратор инициализирован.
[2026-10-01 23:47:53] [INFO] Получена команда в чате: "Покажи статус системы"
[2026-10-01 23:47:53] [INFO] Ответ ассистента: "📊 Текущее состояние системы:
- Исполнитель: один (я), проекты ниже — это контекст, а не отдельные боты.
- Проектов: 1
- Инструкций всего: 4
- Задач: 19 (todo: 19, в процессе: 0, готово: 0)
- Записей в"
[2026-10-01 23:47:56] [INFO] Оркестратор инициализирован.
[2026-10-01 23:47:57] [INFO] Авто-push выполнен (финальная синхронизация логов после проверки).
[2026-10-06 14:04:37] [INFO] Оркестратор инициализирован.
[2026-10-06 14:38:54] [INFO] Оркестратор инициализирован.
[2026-10-06 14:38:54] [INFO] Получена команда в чате: "Добавь BIKAI инструкцию Брендбук и маркетинговые материалы: логотип, фирменный стиль и визуалы для каналов BIKAI"
[2026-10-06 14:38:54] [INFO] В проект 'bikai' добавлена инструкция: «Брендбук и маркетинговые материалы: логотип, фирменный стиль и визуалы для каналов BIKAI».
[2026-10-06 14:38:54] [INFO] Ответ ассистента: "🛠 В проект **bikai** добавлена инструкция: «Брендбук и маркетинговые материалы: логотип, фирменный стиль и визуалы для каналов BIKAI»
Файл: `projects/bikai/INSTRUCTIONS.md` — я буду сверяться с ним, к"
[2026-10-06 14:39:12] [INFO] Оркестратор инициализирован.
[2026-10-06 14:40:57] [INFO] Оркестратор инициализирован.
[2026-10-06 14:40:58] [INFO] Оркестратор инициализирован.
[2026-10-06 14:40:59] [INFO] Оркестратор инициализирован.
[2026-10-06 14:40:59] [INFO] Оркестратор инициализирован.
[2026-10-06 14:41:00] [INFO] Оркестратор инициализирован.
[2026-10-06 14:41:00] [INFO] Оркестратор инициализирован.
[2026-10-06 14:41:01] [INFO] Оркестратор инициализирован.
[2026-10-06 14:41:02] [INFO] Оркестратор инициализирован.
[2026-10-06 14:41:10] [INFO] Оркестратор инициализирован.
[2026-10-06 14:41:16] [INFO] Оркестратор инициализирован.
[2026-10-06 14:49:38] [INFO] Оркестратор инициализирован.
[2026-10-06 14:53:56] [INFO] Оркестратор инициализирован.
[2026-10-06 15:37:56] [INFO] Оркестратор инициализирован.
[2026-10-06 15:37:56] [INFO] Оркестратор инициализирован.
[2026-10-06 15:37:57] [INFO] Оркестратор инициализирован.
[2026-10-06 15:37:59] [INFO] Оркестратор инициализирован.
[2026-10-06 15:37:59] [INFO] Получена команда в чате: "Статус системы"
[2026-10-06 15:37:59] [INFO] Ответ ассистента: "📊 Текущее состояние системы:
- Исполнитель: один (я), проекты ниже — это контекст, а не отдельные боты.
- Проектов: 1
- Инструкций всего: 5
- Задач: 19 (todo: 19, в процессе: 0, готово: 0)
- Записей в"
[2026-10-06 15:38:11] [INFO] Оркестратор инициализирован.
[2026-10-06 16:08:59] [INFO] Оркестратор инициализирован.
[2026-10-06 16:10:30] [INFO] Оркестратор инициализирован.
[2026-10-06 16:10:35] [INFO] Оркестратор инициализирован.
